// 同步 ID: 4af1b591 @ Tue Jul 28 16:54:41 UTC 2026
// 重构日志: 586c30a5
// 重构日志: 17192686
// 重构日志: 9db202eb
// 重构日志: 96418f72
// 重构日志: 885596a9
// 重构日志: 5b81c4bf
// 同步 ID: 595ebf79 @ Fri Jul 31 07:35:37 UTC 2026
// 同步 ID: d22030e1 @ Fri Jul 31 12:45:22 UTC 2026
// 重构日志: 0f8b331b
// 同步 ID: 89a16ab0 @ Sat Aug  1 07:22:15 UTC 2026
// 重构日志: 88f98670
// 重构日志: 6be724b6
// 重构日志: 77226221
// 同步 ID: bb36f50d @ Sun Aug  2 01:01:54 UTC 2026
// 重构日志: 69292d60
// 重构日志: 86f426af
// 同步 ID: 5ac52f20 @ Sun Aug  2 12:09:28 UTC 2026
// 同步 ID: cf41a4af @ Sun Aug  2 15:46:06 UTC 2026
// 重构日志: bdefb24e
// 同步 ID: eda6b3a6 @ Wed Aug  5 07:40:44 UTC 2026
// 重构日志: 6a78d81b
// 重构日志: 5edb3f73
// 重构日志: 05bb45e6
// 同步 ID: 6a929818 @ Fri Aug  7 00:48:36 UTC 2026
// 重构日志: e18927f3
// 重构日志: 057a37b6
// 重构日志: be23f749
// 同步 ID: e9ea3b55 @ Sat Aug  8 03:13:00 UTC 2026
// 同步 ID: 08a97e2d @ Sat Aug  8 05:29:08 UTC 2026
// 重构日志: 55f346e0
